mode: set
example.com/main/teacher/teacherFunctions.go:34.38,35.22 1 1
example.com/main/teacher/teacherFunctions.go:35.22,36.25 1 1
example.com/main/teacher/teacherFunctions.go:36.25,37.12 1 1
example.com/main/teacher/teacherFunctions.go:39.3,39.27 1 1
example.com/main/teacher/teacherFunctions.go:39.27,42.4 2 1
example.com/main/teacher/teacherFunctions.go:44.2,44.13 1 1
example.com/main/teacher/teacherFunctions.go:47.35,49.16 2 1
example.com/main/teacher/teacherFunctions.go:49.16,52.3 2 0
example.com/main/teacher/teacherFunctions.go:53.2,55.33 3 1
example.com/main/teacher/teacherFunctions.go:55.33,58.3 2 1
example.com/main/teacher/teacherFunctions.go:58.8,68.17 3 1
example.com/main/teacher/teacherFunctions.go:68.17,71.4 2 0
example.com/main/teacher/teacherFunctions.go:72.3,72.61 1 1
example.com/main/teacher/teacherFunctions.go:72.61,75.4 2 1
example.com/main/teacher/teacherFunctions.go:76.3,77.139 2 1
example.com/main/teacher/teacherFunctions.go:77.139,80.4 2 0
example.com/main/teacher/teacherFunctions.go:81.3,81.14 1 1
example.com/main/teacher/teacherFunctions.go:81.14,84.4 2 1
example.com/main/teacher/teacherFunctions.go:85.3,85.39 1 1
example.com/main/teacher/teacherFunctions.go:85.39,88.4 2 1
example.com/main/teacher/teacherFunctions.go:89.3,89.35 1 1
example.com/main/teacher/teacherFunctions.go:89.35,92.4 2 0
example.com/main/teacher/teacherFunctions.go:93.3,93.40 1 1
example.com/main/teacher/teacherFunctions.go:93.40,96.4 2 1
example.com/main/teacher/teacherFunctions.go:97.3,97.36 1 1
example.com/main/teacher/teacherFunctions.go:97.36,100.4 2 0
example.com/main/teacher/teacherFunctions.go:101.3,101.82 1 1
example.com/main/teacher/teacherFunctions.go:101.82,104.4 2 1
example.com/main/teacher/teacherFunctions.go:105.3,105.27 1 1
example.com/main/teacher/teacherFunctions.go:105.27,108.4 2 0
example.com/main/teacher/teacherFunctions.go:109.3,109.32 1 1
example.com/main/teacher/teacherFunctions.go:109.32,112.4 2 0
example.com/main/teacher/teacherFunctions.go:113.3,113.50 1 1
example.com/main/teacher/teacherFunctions.go:113.50,116.4 2 1
example.com/main/teacher/teacherFunctions.go:117.3,117.109 1 1
example.com/main/teacher/teacherFunctions.go:117.109,120.4 2 1
example.com/main/teacher/teacherFunctions.go:121.3,122.17 2 1
example.com/main/teacher/teacherFunctions.go:122.17,125.4 2 0
example.com/main/teacher/teacherFunctions.go:126.3,126.62 1 1
example.com/main/teacher/teacherFunctions.go:130.33,132.16 2 1
example.com/main/teacher/teacherFunctions.go:132.16,135.3 2 0
example.com/main/teacher/teacherFunctions.go:136.2,138.33 3 1
example.com/main/teacher/teacherFunctions.go:138.33,141.3 2 1
example.com/main/teacher/teacherFunctions.go:141.8,152.17 4 1
example.com/main/teacher/teacherFunctions.go:152.17,155.4 2 1
example.com/main/teacher/teacherFunctions.go:156.3,156.26 1 1
example.com/main/teacher/teacherFunctions.go:156.26,159.4 2 0
example.com/main/teacher/teacherFunctions.go:160.3,160.54 1 1
example.com/main/teacher/teacherFunctions.go:160.54,163.4 2 0
example.com/main/teacher/teacherFunctions.go:164.3,165.136 2 1
example.com/main/teacher/teacherFunctions.go:165.136,168.4 2 0
example.com/main/teacher/teacherFunctions.go:169.3,169.15 1 1
example.com/main/teacher/teacherFunctions.go:169.15,172.4 2 1
example.com/main/teacher/teacherFunctions.go:173.3,173.65 1 1
example.com/main/teacher/teacherFunctions.go:173.65,176.4 2 1
example.com/main/teacher/teacherFunctions.go:177.3,177.64 1 1
example.com/main/teacher/teacherFunctions.go:177.64,180.4 2 0
example.com/main/teacher/teacherFunctions.go:181.3,181.76 1 1
example.com/main/teacher/teacherFunctions.go:181.76,184.4 2 1
example.com/main/teacher/teacherFunctions.go:185.3,185.67 1 1
example.com/main/teacher/teacherFunctions.go:185.67,188.4 2 1
example.com/main/teacher/teacherFunctions.go:189.3,189.128 1 1
example.com/main/teacher/teacherFunctions.go:189.128,192.4 2 1
example.com/main/teacher/teacherFunctions.go:194.3,196.41 3 1
example.com/main/teacher/teacherFunctions.go:196.41,199.4 2 0
example.com/main/teacher/teacherFunctions.go:200.3,200.27 1 1
example.com/main/teacher/teacherFunctions.go:200.27,203.4 2 0
example.com/main/teacher/teacherFunctions.go:204.3,206.81 3 1
example.com/main/teacher/teacherFunctions.go:206.81,208.4 1 0
example.com/main/teacher/teacherFunctions.go:209.3,209.126 1 1
example.com/main/teacher/teacherFunctions.go:209.126,211.4 1 1
example.com/main/teacher/teacherFunctions.go:212.3,212.101 1 1
example.com/main/teacher/teacherFunctions.go:212.101,214.4 1 0
example.com/main/teacher/teacherFunctions.go:215.3,215.110 1 1
example.com/main/teacher/teacherFunctions.go:215.110,217.4 1 0
example.com/main/teacher/teacherFunctions.go:218.3,218.32 1 1
example.com/main/teacher/teacherFunctions.go:218.32,220.30 2 1
example.com/main/teacher/teacherFunctions.go:220.30,222.5 1 0
example.com/main/teacher/teacherFunctions.go:224.3,226.26 2 1
example.com/main/teacher/teacherFunctions.go:226.26,228.18 2 1
example.com/main/teacher/teacherFunctions.go:228.18,231.5 2 0
example.com/main/teacher/teacherFunctions.go:232.9,235.4 2 0
example.com/main/teacher/teacherFunctions.go:236.3,237.9 2 1
example.com/main/teacher/teacherFunctions.go:241.34,243.33 2 1
example.com/main/teacher/teacherFunctions.go:243.33,246.3 2 1
example.com/main/teacher/teacherFunctions.go:247.2,247.23 1 1
example.com/main/teacher/teacherFunctions.go:247.23,249.17 2 1
example.com/main/teacher/teacherFunctions.go:249.17,252.4 2 0
example.com/main/teacher/teacherFunctions.go:253.3,260.43 3 1
example.com/main/teacher/teacherFunctions.go:260.43,263.4 2 0
example.com/main/teacher/teacherFunctions.go:265.3,265.53 1 1
example.com/main/teacher/teacherFunctions.go:265.53,268.4 2 1
example.com/main/teacher/teacherFunctions.go:269.3,270.137 2 1
example.com/main/teacher/teacherFunctions.go:270.137,273.4 2 0
example.com/main/teacher/teacherFunctions.go:274.3,274.14 1 1
example.com/main/teacher/teacherFunctions.go:274.14,277.4 2 1
example.com/main/teacher/teacherFunctions.go:278.3,278.57 1 1
example.com/main/teacher/teacherFunctions.go:278.57,281.4 2 1
example.com/main/teacher/teacherFunctions.go:282.3,282.53 1 1
example.com/main/teacher/teacherFunctions.go:282.53,285.4 2 1
example.com/main/teacher/teacherFunctions.go:286.3,286.26 1 1
example.com/main/teacher/teacherFunctions.go:286.26,289.4 2 1
example.com/main/teacher/teacherFunctions.go:291.3,293.41 3 1
example.com/main/teacher/teacherFunctions.go:293.41,296.4 2 0
example.com/main/teacher/teacherFunctions.go:297.3,297.27 1 1
example.com/main/teacher/teacherFunctions.go:297.27,300.4 2 1
example.com/main/teacher/teacherFunctions.go:301.3,303.41 3 1
example.com/main/teacher/teacherFunctions.go:303.41,306.4 2 0
example.com/main/teacher/teacherFunctions.go:307.3,307.21 1 1
example.com/main/teacher/teacherFunctions.go:307.21,310.4 2 0
example.com/main/teacher/teacherFunctions.go:311.3,311.176 1 1
example.com/main/teacher/teacherFunctions.go:311.176,314.4 2 0
example.com/main/teacher/teacherFunctions.go:315.3,316.9 2 1
example.com/main/teacher/teacherFunctions.go:317.8,320.3 2 0
example.com/main/teacher/teacherFunctions.go:323.32,325.33 2 1
example.com/main/teacher/teacherFunctions.go:325.33,328.3 2 1
example.com/main/teacher/teacherFunctions.go:329.2,329.23 1 1
example.com/main/teacher/teacherFunctions.go:329.23,331.17 2 1
example.com/main/teacher/teacherFunctions.go:331.17,334.4 2 0
example.com/main/teacher/teacherFunctions.go:335.3,344.17 5 1
example.com/main/teacher/teacherFunctions.go:344.17,347.4 2 0
example.com/main/teacher/teacherFunctions.go:349.3,349.55 1 1
example.com/main/teacher/teacherFunctions.go:349.55,352.4 2 1
example.com/main/teacher/teacherFunctions.go:353.3,354.138 2 1
example.com/main/teacher/teacherFunctions.go:354.138,357.4 2 0
example.com/main/teacher/teacherFunctions.go:358.3,358.15 1 1
example.com/main/teacher/teacherFunctions.go:358.15,361.4 2 1
example.com/main/teacher/teacherFunctions.go:362.3,362.59 1 1
example.com/main/teacher/teacherFunctions.go:362.59,365.4 2 1
example.com/main/teacher/teacherFunctions.go:366.3,366.82 1 1
example.com/main/teacher/teacherFunctions.go:366.82,369.4 2 1
example.com/main/teacher/teacherFunctions.go:370.3,370.52 1 1
example.com/main/teacher/teacherFunctions.go:370.52,373.4 2 1
example.com/main/teacher/teacherFunctions.go:375.3,377.41 3 1
example.com/main/teacher/teacherFunctions.go:377.41,380.4 2 0
example.com/main/teacher/teacherFunctions.go:381.3,381.27 1 1
example.com/main/teacher/teacherFunctions.go:381.27,384.4 2 0
example.com/main/teacher/teacherFunctions.go:385.3,387.65 3 1
example.com/main/teacher/teacherFunctions.go:387.65,389.4 1 0
example.com/main/teacher/teacherFunctions.go:390.3,390.72 1 1
example.com/main/teacher/teacherFunctions.go:390.72,392.4 1 1
example.com/main/teacher/teacherFunctions.go:393.3,393.126 1 1
example.com/main/teacher/teacherFunctions.go:393.126,395.4 1 0
example.com/main/teacher/teacherFunctions.go:396.3,396.46 1 1
example.com/main/teacher/teacherFunctions.go:396.46,398.4 1 1
example.com/main/teacher/teacherFunctions.go:399.3,399.32 1 1
example.com/main/teacher/teacherFunctions.go:399.32,401.30 2 1
example.com/main/teacher/teacherFunctions.go:401.30,403.5 1 1
example.com/main/teacher/teacherFunctions.go:405.3,408.17 3 1
example.com/main/teacher/teacherFunctions.go:408.17,411.4 2 0
example.com/main/teacher/teacherFunctions.go:412.3,413.9 2 1
example.com/main/teacher/teacherFunctions.go:414.8,417.3 2 0
example.com/main/teacher/teacherFunctions.go:420.35,423.33 2 1
example.com/main/teacher/teacherFunctions.go:423.33,426.3 2 1
example.com/main/teacher/teacherFunctions.go:427.2,427.23 1 1
example.com/main/teacher/teacherFunctions.go:427.23,429.17 2 1
example.com/main/teacher/teacherFunctions.go:429.17,432.4 2 0
example.com/main/teacher/teacherFunctions.go:433.3,440.41 3 1
example.com/main/teacher/teacherFunctions.go:440.41,443.4 2 0
example.com/main/teacher/teacherFunctions.go:444.3,444.47 1 1
example.com/main/teacher/teacherFunctions.go:444.47,447.4 2 1
example.com/main/teacher/teacherFunctions.go:448.3,448.49 1 1
example.com/main/teacher/teacherFunctions.go:448.49,451.4 2 1
example.com/main/teacher/teacherFunctions.go:452.3,452.54 1 1
example.com/main/teacher/teacherFunctions.go:452.54,455.4 2 1
example.com/main/teacher/teacherFunctions.go:456.3,456.60 1 1
example.com/main/teacher/teacherFunctions.go:456.60,459.4 2 1
example.com/main/teacher/teacherFunctions.go:460.3,462.41 3 1
example.com/main/teacher/teacherFunctions.go:462.41,465.4 2 0
example.com/main/teacher/teacherFunctions.go:466.3,466.22 1 1
example.com/main/teacher/teacherFunctions.go:466.22,469.4 2 1
example.com/main/teacher/teacherFunctions.go:470.3,472.41 3 1
example.com/main/teacher/teacherFunctions.go:472.41,475.4 2 0
example.com/main/teacher/teacherFunctions.go:476.3,476.21 1 1
example.com/main/teacher/teacherFunctions.go:476.21,479.4 2 0
example.com/main/teacher/teacherFunctions.go:480.3,482.41 3 1
example.com/main/teacher/teacherFunctions.go:482.41,485.4 2 0
example.com/main/teacher/teacherFunctions.go:486.3,486.17 1 1
example.com/main/teacher/teacherFunctions.go:486.17,489.4 2 1
example.com/main/teacher/teacherFunctions.go:490.3,490.236 1 1
example.com/main/teacher/teacherFunctions.go:490.236,493.4 2 0
example.com/main/teacher/teacherFunctions.go:494.3,495.9 2 1
example.com/main/teacher/teacherFunctions.go:496.8,499.3 2 0
example.com/main/teacher/teacherFunctions.go:502.34,505.33 2 1
example.com/main/teacher/teacherFunctions.go:505.33,508.3 2 1
example.com/main/teacher/teacherFunctions.go:509.2,509.23 1 1
example.com/main/teacher/teacherFunctions.go:509.23,511.17 2 1
example.com/main/teacher/teacherFunctions.go:511.17,514.4 2 0
example.com/main/teacher/teacherFunctions.go:515.3,525.17 6 1
example.com/main/teacher/teacherFunctions.go:525.17,528.4 2 0
example.com/main/teacher/teacherFunctions.go:529.3,529.53 1 1
example.com/main/teacher/teacherFunctions.go:529.53,532.4 2 1
example.com/main/teacher/teacherFunctions.go:533.3,533.55 1 1
example.com/main/teacher/teacherFunctions.go:533.55,536.4 2 1
example.com/main/teacher/teacherFunctions.go:537.3,537.32 1 1
example.com/main/teacher/teacherFunctions.go:537.32,538.61 1 1
example.com/main/teacher/teacherFunctions.go:538.61,541.5 2 1
example.com/main/teacher/teacherFunctions.go:543.3,543.35 1 1
example.com/main/teacher/teacherFunctions.go:543.35,544.67 1 1
example.com/main/teacher/teacherFunctions.go:544.67,547.5 2 1
example.com/main/teacher/teacherFunctions.go:549.3,551.41 3 1
example.com/main/teacher/teacherFunctions.go:551.41,554.4 2 0
example.com/main/teacher/teacherFunctions.go:555.3,555.22 1 1
example.com/main/teacher/teacherFunctions.go:555.22,558.4 2 0
example.com/main/teacher/teacherFunctions.go:559.3,561.41 3 1
example.com/main/teacher/teacherFunctions.go:561.41,564.4 2 0
example.com/main/teacher/teacherFunctions.go:565.3,565.21 1 1
example.com/main/teacher/teacherFunctions.go:565.21,568.4 2 0
example.com/main/teacher/teacherFunctions.go:569.3,571.41 3 1
example.com/main/teacher/teacherFunctions.go:571.41,574.4 2 0
example.com/main/teacher/teacherFunctions.go:575.3,575.18 1 1
example.com/main/teacher/teacherFunctions.go:575.18,578.4 2 1
example.com/main/teacher/teacherFunctions.go:579.3,581.17 3 1
example.com/main/teacher/teacherFunctions.go:581.17,584.4 2 0
example.com/main/teacher/teacherFunctions.go:585.3,588.112 4 1
example.com/main/teacher/teacherFunctions.go:588.112,591.4 2 1
example.com/main/teacher/teacherFunctions.go:592.3,592.124 1 1
example.com/main/teacher/teacherFunctions.go:592.124,595.4 2 0
example.com/main/teacher/teacherFunctions.go:596.3,597.32 2 1
example.com/main/teacher/teacherFunctions.go:597.32,600.30 3 1
example.com/main/teacher/teacherFunctions.go:600.30,602.5 1 0
example.com/main/teacher/teacherFunctions.go:604.3,604.16 1 1
example.com/main/teacher/teacherFunctions.go:604.16,606.4 1 1
example.com/main/teacher/teacherFunctions.go:607.3,607.18 1 1
example.com/main/teacher/teacherFunctions.go:607.18,609.4 1 1
example.com/main/teacher/teacherFunctions.go:610.3,612.18 3 1
example.com/main/teacher/teacherFunctions.go:612.18,614.18 2 1
example.com/main/teacher/teacherFunctions.go:614.18,617.5 2 0
example.com/main/teacher/teacherFunctions.go:618.4,619.10 2 1
example.com/main/teacher/teacherFunctions.go:620.9,623.4 2 1
example.com/main/teacher/teacherFunctions.go:624.8,627.3 2 0
example.com/main/teacher/teacherFunctions.go:631.35,633.16 2 1
example.com/main/teacher/teacherFunctions.go:633.16,636.3 2 0
example.com/main/teacher/teacherFunctions.go:637.2,639.33 3 1
example.com/main/teacher/teacherFunctions.go:639.33,642.3 2 1
example.com/main/teacher/teacherFunctions.go:643.2,644.26 2 1
example.com/main/teacher/teacherFunctions.go:644.26,647.3 2 0
example.com/main/teacher/teacherFunctions.go:648.2,653.16 3 1
example.com/main/teacher/teacherFunctions.go:653.16,655.3 1 0
example.com/main/teacher/teacherFunctions.go:656.2,658.40 3 1
example.com/main/teacher/teacherFunctions.go:658.40,661.3 2 0
example.com/main/teacher/teacherFunctions.go:662.2,662.17 1 1
example.com/main/teacher/teacherFunctions.go:662.17,665.3 2 1
example.com/main/teacher/teacherFunctions.go:666.2,668.40 3 1
example.com/main/teacher/teacherFunctions.go:668.40,671.3 2 0
example.com/main/teacher/teacherFunctions.go:672.2,672.14 1 1
example.com/main/teacher/teacherFunctions.go:672.14,675.3 2 1
example.com/main/teacher/teacherFunctions.go:676.2,676.60 1 1
example.com/main/teacher/teacherFunctions.go:676.60,679.3 2 0
example.com/main/teacher/teacherFunctions.go:680.2,680.63 1 1
example.com/main/teacher/teacherFunctions.go:680.63,683.3 2 1
example.com/main/teacher/teacherFunctions.go:685.2,685.147 1 1
example.com/main/teacher/teacherFunctions.go:685.147,689.3 3 1
example.com/main/teacher/teacherFunctions.go:690.2,690.64 1 1
example.com/main/teacher/teacherFunctions.go:693.36,695.16 2 1
example.com/main/teacher/teacherFunctions.go:695.16,698.3 2 0
example.com/main/teacher/teacherFunctions.go:699.2,701.33 3 1
example.com/main/teacher/teacherFunctions.go:701.33,704.3 2 1
example.com/main/teacher/teacherFunctions.go:705.2,706.26 2 1
example.com/main/teacher/teacherFunctions.go:706.26,709.3 2 0
example.com/main/teacher/teacherFunctions.go:710.2,713.56 4 1
example.com/main/teacher/teacherFunctions.go:713.56,716.3 2 1
example.com/main/teacher/teacherFunctions.go:716.8,716.47 1 1
example.com/main/teacher/teacherFunctions.go:716.47,719.3 2 0
example.com/main/teacher/teacherFunctions.go:719.8,719.33 1 1
example.com/main/teacher/teacherFunctions.go:719.33,722.3 2 0
example.com/main/teacher/teacherFunctions.go:724.2,734.16 4 1
example.com/main/teacher/teacherFunctions.go:734.16,737.3 2 0
example.com/main/teacher/teacherFunctions.go:738.2,739.18 2 1
example.com/main/teacher/teacherFunctions.go:739.18,742.17 3 1
example.com/main/teacher/teacherFunctions.go:742.17,744.4 1 0
example.com/main/teacher/teacherFunctions.go:744.9,746.18 2 1
example.com/main/teacher/teacherFunctions.go:746.18,749.5 2 0
example.com/main/teacher/teacherFunctions.go:750.4,750.19 1 1
example.com/main/teacher/teacherFunctions.go:750.19,752.19 2 1
example.com/main/teacher/teacherFunctions.go:752.19,755.6 2 0
example.com/main/teacher/teacherFunctions.go:756.5,756.37 1 1
example.com/main/teacher/teacherFunctions.go:760.2,760.22 1 1
example.com/main/teacher/teacherFunctions.go:760.22,763.3 2 0
example.com/main/teacher/teacherFunctions.go:764.2,765.50 2 1
example.com/main/teacher/teacherFunctions.go:768.32,770.33 2 1
example.com/main/teacher/teacherFunctions.go:770.33,774.3 3 1
example.com/main/teacher/teacherFunctions.go:775.2,775.23 1 1
example.com/main/teacher/teacherFunctions.go:775.23,779.44 2 1
example.com/main/teacher/teacherFunctions.go:779.44,782.4 2 0
example.com/main/teacher/teacherFunctions.go:784.3,785.17 2 1
example.com/main/teacher/teacherFunctions.go:785.17,788.4 2 0
example.com/main/teacher/teacherFunctions.go:789.3,789.51 1 1
example.com/main/teacher/teacherFunctions.go:789.51,792.4 2 1
example.com/main/teacher/teacherFunctions.go:793.3,793.24 1 1
example.com/main/teacher/teacherFunctions.go:793.24,795.135 2 1
example.com/main/teacher/teacherFunctions.go:795.135,798.5 2 0
example.com/main/teacher/teacherFunctions.go:799.4,799.16 1 1
example.com/main/teacher/teacherFunctions.go:799.16,802.5 2 1
example.com/main/teacher/teacherFunctions.go:804.3,805.88 2 1
example.com/main/teacher/teacherFunctions.go:805.88,808.4 2 0
example.com/main/teacher/teacherFunctions.go:809.3,809.67 1 1
example.com/main/teacher/teacherFunctions.go:810.8,813.3 2 0
example.com/main/teacher/teacherFunctions.go:816.31,818.33 2 1
example.com/main/teacher/teacherFunctions.go:818.33,822.3 3 1
example.com/main/teacher/teacherFunctions.go:823.2,823.23 1 1
example.com/main/teacher/teacherFunctions.go:823.23,827.46 2 1
example.com/main/teacher/teacherFunctions.go:827.46,830.4 2 0
example.com/main/teacher/teacherFunctions.go:831.3,831.49 1 1
example.com/main/teacher/teacherFunctions.go:831.49,834.4 2 1
example.com/main/teacher/teacherFunctions.go:835.3,836.17 2 1
example.com/main/teacher/teacherFunctions.go:836.17,839.4 2 0
example.com/main/teacher/teacherFunctions.go:840.3,840.23 1 1
example.com/main/teacher/teacherFunctions.go:840.23,842.136 2 1
example.com/main/teacher/teacherFunctions.go:842.136,845.5 2 0
example.com/main/teacher/teacherFunctions.go:846.4,846.16 1 1
example.com/main/teacher/teacherFunctions.go:846.16,849.5 2 1
example.com/main/teacher/teacherFunctions.go:851.3,851.88 1 1
example.com/main/teacher/teacherFunctions.go:851.88,854.4 2 0
example.com/main/teacher/teacherFunctions.go:855.3,855.67 1 1
example.com/main/teacher/teacherFunctions.go:857.8,860.3 2 0
example.com/main/teacher/teacherFunctions.go:863.31,865.33 2 1
example.com/main/teacher/teacherFunctions.go:865.33,868.3 2 0
example.com/main/teacher/teacherFunctions.go:868.8,882.17 4 1
example.com/main/teacher/teacherFunctions.go:882.17,885.4 2 0
example.com/main/teacher/teacherFunctions.go:886.3,890.49 3 1
example.com/main/teacher/teacherFunctions.go:890.49,893.4 2 0
example.com/main/teacher/teacherFunctions.go:894.3,894.27 1 1
example.com/main/teacher/teacherFunctions.go:894.27,897.4 2 0
example.com/main/teacher/teacherFunctions.go:898.3,898.56 1 1
example.com/main/teacher/teacherFunctions.go:898.56,901.4 2 1
example.com/main/teacher/teacherFunctions.go:902.3,903.137 2 1
example.com/main/teacher/teacherFunctions.go:903.137,906.4 2 0
example.com/main/teacher/teacherFunctions.go:907.3,907.15 1 1
example.com/main/teacher/teacherFunctions.go:907.15,910.4 2 1
example.com/main/teacher/teacherFunctions.go:911.3,913.17 3 1
example.com/main/teacher/teacherFunctions.go:913.17,916.4 2 0
example.com/main/teacher/teacherFunctions.go:917.3,918.17 2 1
example.com/main/teacher/teacherFunctions.go:918.17,922.4 3 0
example.com/main/teacher/teacherFunctions.go:923.3,924.17 2 1
example.com/main/teacher/teacherFunctions.go:924.17,927.4 2 0
example.com/main/teacher/teacherFunctions.go:928.3,929.17 2 1
example.com/main/teacher/teacherFunctions.go:929.17,931.18 2 0
example.com/main/teacher/teacherFunctions.go:931.18,934.5 2 0
example.com/main/teacher/teacherFunctions.go:936.3,936.36 1 1
example.com/main/teacher/teacherFunctions.go:936.36,938.4 1 0
example.com/main/teacher/teacherFunctions.go:939.3,943.19 2 1
example.com/main/teacher/teacherFunctions.go:943.19,946.18 3 1
example.com/main/teacher/teacherFunctions.go:946.18,949.5 2 0
example.com/main/teacher/teacherFunctions.go:950.4,950.45 1 1
example.com/main/teacher/teacherFunctions.go:952.3,952.19 1 1
example.com/main/teacher/teacherFunctions.go:952.19,955.18 3 1
example.com/main/teacher/teacherFunctions.go:955.18,958.5 2 0
example.com/main/teacher/teacherFunctions.go:959.4,959.51 1 1
example.com/main/teacher/teacherFunctions.go:961.3,961.60 1 1
example.com/main/teacher/teacherFunctions.go:961.60,964.4 2 1
example.com/main/teacher/teacherFunctions.go:965.3,965.49 1 1
example.com/main/teacher/teacherFunctions.go:969.36,970.12 1 1
example.com/main/teacher/teacherFunctions.go:970.12,972.3 1 1
example.com/main/teacher/teacherFunctions.go:972.8,972.30 1 1
example.com/main/teacher/teacherFunctions.go:972.30,974.3 1 0
example.com/main/teacher/teacherFunctions.go:974.8,974.30 1 1
example.com/main/teacher/teacherFunctions.go:974.30,976.3 1 0
example.com/main/teacher/teacherFunctions.go:976.8,976.30 1 1
example.com/main/teacher/teacherFunctions.go:976.30,978.3 1 0
example.com/main/teacher/teacherFunctions.go:978.8,978.30 1 1
example.com/main/teacher/teacherFunctions.go:978.30,980.3 1 0
example.com/main/teacher/teacherFunctions.go:980.8,980.30 1 1
example.com/main/teacher/teacherFunctions.go:980.30,982.3 1 1
example.com/main/teacher/teacherFunctions.go:982.8,982.30 1 0
example.com/main/teacher/teacherFunctions.go:982.30,984.3 1 0
example.com/main/teacher/teacherFunctions.go:985.2,985.13 1 0
