mode: set
example.com/main/student/studentFunctions.go:47.38,48.22 1 1
example.com/main/student/studentFunctions.go:48.22,49.25 1 1
example.com/main/student/studentFunctions.go:49.25,50.12 1 0
example.com/main/student/studentFunctions.go:52.3,52.27 1 1
example.com/main/student/studentFunctions.go:52.27,54.4 1 1
example.com/main/student/studentFunctions.go:56.2,56.13 1 1
example.com/main/student/studentFunctions.go:59.40,61.33 2 1
example.com/main/student/studentFunctions.go:61.33,65.3 3 1
example.com/main/student/studentFunctions.go:65.8,65.30 1 1
example.com/main/student/studentFunctions.go:65.30,67.52 2 1
example.com/main/student/studentFunctions.go:67.52,70.4 2 0
example.com/main/student/studentFunctions.go:71.3,71.65 1 1
example.com/main/student/studentFunctions.go:71.65,74.4 2 0
example.com/main/student/studentFunctions.go:75.3,75.65 1 1
example.com/main/student/studentFunctions.go:75.65,78.4 2 1
example.com/main/student/studentFunctions.go:79.3,79.63 1 1
example.com/main/student/studentFunctions.go:79.63,82.4 2 1
example.com/main/student/studentFunctions.go:83.3,83.89 1 1
example.com/main/student/studentFunctions.go:83.89,86.4 2 1
example.com/main/student/studentFunctions.go:87.3,89.33 3 1
example.com/main/student/studentFunctions.go:89.33,90.18 1 1
example.com/main/student/studentFunctions.go:90.18,93.5 2 1
example.com/main/student/studentFunctions.go:94.4,94.61 1 1
example.com/main/student/studentFunctions.go:96.3,96.38 1 1
example.com/main/student/studentFunctions.go:96.38,97.18 1 1
example.com/main/student/studentFunctions.go:97.18,100.5 2 0
example.com/main/student/studentFunctions.go:100.10,100.24 1 1
example.com/main/student/studentFunctions.go:100.24,102.5 1 1
example.com/main/student/studentFunctions.go:103.4,103.67 1 1
example.com/main/student/studentFunctions.go:105.3,105.34 1 1
example.com/main/student/studentFunctions.go:105.34,106.18 1 1
example.com/main/student/studentFunctions.go:106.18,109.5 2 0
example.com/main/student/studentFunctions.go:109.10,109.24 1 1
example.com/main/student/studentFunctions.go:109.24,111.5 1 1
example.com/main/student/studentFunctions.go:112.4,112.81 1 1
example.com/main/student/studentFunctions.go:114.3,114.34 1 1
example.com/main/student/studentFunctions.go:114.34,115.18 1 1
example.com/main/student/studentFunctions.go:115.18,118.5 2 0
example.com/main/student/studentFunctions.go:118.10,118.24 1 1
example.com/main/student/studentFunctions.go:118.24,120.5 1 1
example.com/main/student/studentFunctions.go:121.4,121.83 1 1
example.com/main/student/studentFunctions.go:123.3,127.17 3 1
example.com/main/student/studentFunctions.go:127.17,130.4 2 0
example.com/main/student/studentFunctions.go:131.3,134.35 2 1
example.com/main/student/studentFunctions.go:134.35,137.4 2 0
example.com/main/student/studentFunctions.go:139.3,140.17 2 1
example.com/main/student/studentFunctions.go:140.17,143.4 2 0
example.com/main/student/studentFunctions.go:144.3,156.18 4 1
example.com/main/student/studentFunctions.go:156.18,158.149 2 1
example.com/main/student/studentFunctions.go:158.149,161.5 2 0
example.com/main/student/studentFunctions.go:162.4,162.39 1 1
example.com/main/student/studentFunctions.go:164.3,164.25 1 1
example.com/main/student/studentFunctions.go:164.25,167.4 2 1
example.com/main/student/studentFunctions.go:168.3,169.9 2 1
example.com/main/student/studentFunctions.go:173.39,175.56 2 1
example.com/main/student/studentFunctions.go:175.56,179.3 3 1
example.com/main/student/studentFunctions.go:180.2,180.44 1 1
example.com/main/student/studentFunctions.go:180.44,184.52 2 1
example.com/main/student/studentFunctions.go:184.52,187.4 2 1
example.com/main/student/studentFunctions.go:188.3,188.51 1 1
example.com/main/student/studentFunctions.go:188.51,191.4 2 1
example.com/main/student/studentFunctions.go:192.3,196.17 4 1
example.com/main/student/studentFunctions.go:196.17,199.4 2 0
example.com/main/student/studentFunctions.go:200.3,201.17 2 1
example.com/main/student/studentFunctions.go:201.17,204.4 2 0
example.com/main/student/studentFunctions.go:205.3,213.18 4 1
example.com/main/student/studentFunctions.go:213.18,215.97 2 1
example.com/main/student/studentFunctions.go:215.97,218.5 2 0
example.com/main/student/studentFunctions.go:219.4,219.39 1 1
example.com/main/student/studentFunctions.go:221.3,221.25 1 1
example.com/main/student/studentFunctions.go:221.25,224.4 2 1
example.com/main/student/studentFunctions.go:225.3,226.9 2 1
example.com/main/student/studentFunctions.go:227.8,229.3 1 0
example.com/main/student/studentFunctions.go:232.31,234.33 2 1
example.com/main/student/studentFunctions.go:234.33,237.3 2 0
example.com/main/student/studentFunctions.go:237.8,251.17 4 1
example.com/main/student/studentFunctions.go:251.17,254.4 2 0
example.com/main/student/studentFunctions.go:255.3,258.33 3 1
example.com/main/student/studentFunctions.go:258.33,261.4 2 1
example.com/main/student/studentFunctions.go:262.3,264.17 3 1
example.com/main/student/studentFunctions.go:264.17,267.4 2 0
example.com/main/student/studentFunctions.go:268.3,269.17 2 1
example.com/main/student/studentFunctions.go:269.17,273.4 3 0
example.com/main/student/studentFunctions.go:274.3,275.17 2 1
example.com/main/student/studentFunctions.go:275.17,278.4 2 0
example.com/main/student/studentFunctions.go:279.3,280.17 2 1
example.com/main/student/studentFunctions.go:280.17,282.18 2 0
example.com/main/student/studentFunctions.go:282.18,285.5 2 0
example.com/main/student/studentFunctions.go:287.3,287.36 1 1
example.com/main/student/studentFunctions.go:287.36,289.4 1 0
example.com/main/student/studentFunctions.go:290.3,294.19 2 1
example.com/main/student/studentFunctions.go:294.19,297.18 3 1
example.com/main/student/studentFunctions.go:297.18,300.5 2 0
example.com/main/student/studentFunctions.go:301.4,301.45 1 1
example.com/main/student/studentFunctions.go:303.3,303.19 1 1
example.com/main/student/studentFunctions.go:303.19,306.18 3 1
example.com/main/student/studentFunctions.go:306.18,309.5 2 0
example.com/main/student/studentFunctions.go:310.4,310.51 1 1
example.com/main/student/studentFunctions.go:312.3,312.60 1 1
example.com/main/student/studentFunctions.go:312.60,315.4 2 1
example.com/main/student/studentFunctions.go:316.3,316.49 1 1
