mode: set
example.com/main/admin/admin.go:19.28,21.2 1 0
example.com/main/admin/admin.go:23.38,25.24 2 0
example.com/main/admin/admin.go:25.24,27.3 1 0
example.com/main/admin/admin.go:28.2,28.23 1 0
example.com/main/admin/admin.go:31.41,39.16 3 0
example.com/main/admin/admin.go:39.16,42.3 2 0
example.com/main/admin/admin.go:43.2,46.16 3 0
example.com/main/admin/admin.go:46.16,49.3 2 0
example.com/main/admin/admin.go:50.2,50.30 1 0
example.com/main/admin/admin.go:50.30,53.3 2 0
example.com/main/admin/admin.go:54.2,54.71 1 0
example.com/main/admin/admin.go:54.71,57.3 2 0
example.com/main/admin/admin.go:58.2,58.25 1 0
example.com/main/admin/admin.go:58.25,61.3 2 0
example.com/main/admin/admin.go:62.2,62.29 1 0
example.com/main/admin/admin.go:62.29,65.3 2 0
example.com/main/admin/admin.go:66.2,66.120 1 0
example.com/main/admin/admin.go:66.120,69.3 2 0
example.com/main/admin/admin.go:70.2,70.90 1 0
example.com/main/admin/admin.go:70.90,71.34 1 0
example.com/main/admin/admin.go:72.18,75.18 3 0
example.com/main/admin/admin.go:75.18,78.5 2 0
example.com/main/admin/admin.go:78.10,81.5 2 0
example.com/main/admin/admin.go:82.18,85.18 3 0
example.com/main/admin/admin.go:85.18,88.5 2 0
example.com/main/admin/admin.go:88.10,91.5 2 0
example.com/main/admin/admin.go:92.16,96.18 4 0
example.com/main/admin/admin.go:96.18,99.5 2 0
example.com/main/admin/admin.go:99.10,102.5 2 0
example.com/main/admin/admin.go:103.11,105.10 2 0
example.com/main/admin/admin.go:108.2,109.16 2 0
example.com/main/admin/admin.go:109.16,112.3 2 0
example.com/main/admin/admin.go:113.2,113.63 1 0
example.com/main/admin/admin.go:116.41,118.31 2 1
example.com/main/admin/admin.go:118.31,121.3 2 1
example.com/main/admin/admin.go:121.8,123.17 2 1
example.com/main/admin/admin.go:123.17,126.4 2 0
example.com/main/admin/admin.go:127.3,138.17 4 1
example.com/main/admin/admin.go:138.17,141.4 2 0
example.com/main/admin/admin.go:142.3,142.26 1 1
example.com/main/admin/admin.go:142.26,145.4 2 0
example.com/main/admin/admin.go:146.3,146.62 1 1
example.com/main/admin/admin.go:146.62,149.4 2 0
example.com/main/admin/admin.go:150.3,150.25 1 1
example.com/main/admin/admin.go:150.25,153.4 2 0
example.com/main/admin/admin.go:154.3,154.29 1 1
example.com/main/admin/admin.go:154.29,157.4 2 1
example.com/main/admin/admin.go:158.3,158.91 1 1
example.com/main/admin/admin.go:158.91,161.4 2 0
example.com/main/admin/admin.go:162.3,163.235 2 1
example.com/main/admin/admin.go:163.235,166.4 2 0
example.com/main/admin/admin.go:167.3,167.15 1 1
example.com/main/admin/admin.go:167.15,170.4 2 1
example.com/main/admin/admin.go:171.3,171.33 1 1
example.com/main/admin/admin.go:171.33,172.30 1 1
example.com/main/admin/admin.go:173.17,175.37 2 1
example.com/main/admin/admin.go:175.37,178.6 2 1
example.com/main/admin/admin.go:179.5,180.128 2 1
example.com/main/admin/admin.go:180.128,183.6 2 0
example.com/main/admin/admin.go:184.5,184.16 1 1
example.com/main/admin/admin.go:184.16,187.6 2 1
example.com/main/admin/admin.go:188.5,188.44 1 1
example.com/main/admin/admin.go:188.44,191.6 2 0
example.com/main/admin/admin.go:192.5,192.38 1 1
example.com/main/admin/admin.go:192.38,195.6 2 1
example.com/main/admin/admin.go:196.5,196.40 1 1
example.com/main/admin/admin.go:196.40,199.6 2 1
example.com/main/admin/admin.go:200.12,202.11 2 0
example.com/main/admin/admin.go:205.3,205.33 1 1
example.com/main/admin/admin.go:205.33,206.30 1 1
example.com/main/admin/admin.go:207.16,209.19 2 1
example.com/main/admin/admin.go:209.19,212.6 2 0
example.com/main/admin/admin.go:213.5,213.22 1 1
example.com/main/admin/admin.go:213.22,216.6 2 1
example.com/main/admin/admin.go:217.5,218.102 2 1
example.com/main/admin/admin.go:218.102,221.6 2 0
example.com/main/admin/admin.go:222.5,222.16 1 1
example.com/main/admin/admin.go:222.16,225.6 2 1
example.com/main/admin/admin.go:226.5,226.109 1 1
example.com/main/admin/admin.go:226.109,229.6 2 0
example.com/main/admin/admin.go:230.5,230.79 1 1
example.com/main/admin/admin.go:230.79,233.6 2 0
example.com/main/admin/admin.go:234.5,234.27 1 1
example.com/main/admin/admin.go:234.27,235.41 1 0
example.com/main/admin/admin.go:235.41,238.7 2 0
example.com/main/admin/admin.go:239.6,239.23 1 0
example.com/main/admin/admin.go:239.23,242.7 2 0
example.com/main/admin/admin.go:243.6,243.39 1 0
example.com/main/admin/admin.go:243.39,246.7 2 0
example.com/main/admin/admin.go:247.6,247.71 1 0
example.com/main/admin/admin.go:247.71,250.7 2 0
example.com/main/admin/admin.go:250.12,252.138 2 0
example.com/main/admin/admin.go:252.138,255.8 2 0
example.com/main/admin/admin.go:256.7,256.19 1 0
example.com/main/admin/admin.go:256.19,259.8 2 0
example.com/main/admin/admin.go:262.12,264.11 2 0
example.com/main/admin/admin.go:267.3,267.31 1 1
example.com/main/admin/admin.go:267.31,268.30 1 1
example.com/main/admin/admin.go:269.16,271.19 2 1
example.com/main/admin/admin.go:271.19,274.6 2 0
example.com/main/admin/admin.go:275.5,275.22 1 1
example.com/main/admin/admin.go:275.22,278.6 2 0
example.com/main/admin/admin.go:279.5,280.110 2 1
example.com/main/admin/admin.go:280.110,283.6 2 0
example.com/main/admin/admin.go:284.5,284.16 1 1
example.com/main/admin/admin.go:284.16,287.6 2 1
example.com/main/admin/admin.go:288.12,290.11 2 0
example.com/main/admin/admin.go:294.3,294.24 1 1
example.com/main/admin/admin.go:295.18,296.129 1 1
example.com/main/admin/admin.go:296.129,299.5 2 0
example.com/main/admin/admin.go:300.4,301.18 2 1
example.com/main/admin/admin.go:301.18,304.5 2 0
example.com/main/admin/admin.go:305.4,306.18 2 1
example.com/main/admin/admin.go:306.18,309.5 2 0
example.com/main/admin/admin.go:310.4,311.10 2 1
example.com/main/admin/admin.go:312.18,313.69 1 1
example.com/main/admin/admin.go:313.69,316.5 2 0
example.com/main/admin/admin.go:317.4,318.18 2 1
example.com/main/admin/admin.go:318.18,321.5 2 0
example.com/main/admin/admin.go:322.4,323.18 2 1
example.com/main/admin/admin.go:323.18,326.5 2 0
example.com/main/admin/admin.go:327.4,328.10 2 1
example.com/main/admin/admin.go:329.16,330.69 1 1
example.com/main/admin/admin.go:330.69,333.5 2 0
example.com/main/admin/admin.go:334.4,335.18 2 1
example.com/main/admin/admin.go:335.18,338.5 2 0
example.com/main/admin/admin.go:339.4,340.18 2 1
example.com/main/admin/admin.go:340.18,343.5 2 0
example.com/main/admin/admin.go:344.4,345.10 2 1
example.com/main/admin/admin.go:346.11,348.10 2 0
example.com/main/admin/admin.go:353.39,355.31 2 1
example.com/main/admin/admin.go:355.31,358.3 2 1
example.com/main/admin/admin.go:358.8,360.17 2 1
example.com/main/admin/admin.go:360.17,363.4 2 0
example.com/main/admin/admin.go:364.3,372.17 5 1
example.com/main/admin/admin.go:372.17,375.4 2 0
example.com/main/admin/admin.go:376.3,376.18 1 1
example.com/main/admin/admin.go:376.18,380.18 4 1
example.com/main/admin/admin.go:380.18,383.5 2 0
example.com/main/admin/admin.go:384.4,384.33 1 1
example.com/main/admin/admin.go:386.3,386.23 1 1
example.com/main/admin/admin.go:386.23,389.4 2 0
example.com/main/admin/admin.go:390.3,390.51 1 1
example.com/main/admin/admin.go:394.38,396.31 2 1
example.com/main/admin/admin.go:396.31,399.3 2 1
example.com/main/admin/admin.go:399.8,399.28 1 1
example.com/main/admin/admin.go:399.28,403.40 2 1
example.com/main/admin/admin.go:403.40,406.4 2 0
example.com/main/admin/admin.go:407.3,407.20 1 1
example.com/main/admin/admin.go:407.20,410.4 2 0
example.com/main/admin/admin.go:411.3,411.23 1 1
example.com/main/admin/admin.go:411.23,414.4 2 1
example.com/main/admin/admin.go:415.3,418.17 3 1
example.com/main/admin/admin.go:418.17,421.4 2 0
example.com/main/admin/admin.go:422.3,422.103 1 1
example.com/main/admin/admin.go:422.103,425.4 2 0
example.com/main/admin/admin.go:426.3,426.15 1 1
example.com/main/admin/admin.go:426.15,429.4 2 1
example.com/main/admin/admin.go:430.3,431.82 2 1
example.com/main/admin/admin.go:431.82,434.4 2 0
example.com/main/admin/admin.go:435.3,435.67 1 1
example.com/main/admin/admin.go:439.38,441.31 2 1
example.com/main/admin/admin.go:441.31,444.3 2 1
example.com/main/admin/admin.go:444.8,444.28 1 1
example.com/main/admin/admin.go:444.28,446.17 2 1
example.com/main/admin/admin.go:446.17,449.4 2 0
example.com/main/admin/admin.go:450.3,457.17 4 1
example.com/main/admin/admin.go:457.17,460.4 2 0
example.com/main/admin/admin.go:461.3,461.26 1 1
example.com/main/admin/admin.go:461.26,464.4 2 0
example.com/main/admin/admin.go:465.3,465.26 1 1
example.com/main/admin/admin.go:465.26,468.4 2 0
example.com/main/admin/admin.go:469.3,469.25 1 1
example.com/main/admin/admin.go:469.25,472.4 2 0
example.com/main/admin/admin.go:473.3,474.222 2 1
example.com/main/admin/admin.go:474.222,477.4 2 0
example.com/main/admin/admin.go:478.3,478.18 1 1
example.com/main/admin/admin.go:478.18,481.4 2 1
example.com/main/admin/admin.go:482.3,482.191 1 1
example.com/main/admin/admin.go:482.191,485.4 2 0
example.com/main/admin/admin.go:486.3,486.68 1 1
example.com/main/admin/admin.go:489.35,491.31 2 1
example.com/main/admin/admin.go:491.31,494.3 2 1
example.com/main/admin/admin.go:494.8,494.28 1 1
example.com/main/admin/admin.go:494.28,504.42 2 1
example.com/main/admin/admin.go:504.42,507.4 2 0
example.com/main/admin/admin.go:508.3,508.44 1 1
example.com/main/admin/admin.go:508.44,511.4 2 1
example.com/main/admin/admin.go:512.3,512.27 1 1
example.com/main/admin/admin.go:512.27,515.4 2 1
example.com/main/admin/admin.go:516.3,516.23 1 1
example.com/main/admin/admin.go:516.23,519.4 2 0
example.com/main/admin/admin.go:519.9,520.57 1 1
example.com/main/admin/admin.go:520.57,523.5 2 1
example.com/main/admin/admin.go:525.3,525.85 1 1
example.com/main/admin/admin.go:525.85,528.4 2 1
example.com/main/admin/admin.go:529.3,529.80 1 1
example.com/main/admin/admin.go:529.80,532.4 2 1
example.com/main/admin/admin.go:533.3,533.62 1 1
example.com/main/admin/admin.go:533.62,536.4 2 1
example.com/main/admin/admin.go:537.3,537.62 1 1
example.com/main/admin/admin.go:537.62,540.4 2 1
example.com/main/admin/admin.go:541.3,541.30 1 1
example.com/main/admin/admin.go:541.30,544.4 2 1
example.com/main/admin/admin.go:545.3,545.27 1 1
example.com/main/admin/admin.go:545.27,548.4 2 1
example.com/main/admin/admin.go:549.3,549.91 1 1
example.com/main/admin/admin.go:549.91,552.4 2 0
example.com/main/admin/admin.go:553.3,553.91 1 1
example.com/main/admin/admin.go:553.91,556.4 2 1
example.com/main/admin/admin.go:557.3,560.17 3 1
example.com/main/admin/admin.go:560.17,563.4 2 0
example.com/main/admin/admin.go:564.3,565.105 2 1
example.com/main/admin/admin.go:565.105,568.4 2 0
example.com/main/admin/admin.go:569.3,569.14 1 1
example.com/main/admin/admin.go:569.14,572.4 2 1
example.com/main/admin/admin.go:573.3,573.30 1 1
example.com/main/admin/admin.go:573.30,575.120 2 1
example.com/main/admin/admin.go:575.120,578.5 2 0
example.com/main/admin/admin.go:579.4,579.17 1 1
example.com/main/admin/admin.go:579.17,582.5 2 1
example.com/main/admin/admin.go:584.3,584.255 1 1
example.com/main/admin/admin.go:584.255,587.4 2 0
example.com/main/admin/admin.go:588.3,588.65 1 1
example.com/main/admin/admin.go:592.36,594.31 2 1
example.com/main/admin/admin.go:594.31,597.3 2 1
example.com/main/admin/admin.go:598.2,598.21 1 1
example.com/main/admin/admin.go:598.21,600.17 2 1
example.com/main/admin/admin.go:600.17,603.4 2 0
example.com/main/admin/admin.go:604.3,623.42 4 1
example.com/main/admin/admin.go:623.42,626.4 2 0
example.com/main/admin/admin.go:627.3,627.44 1 1
example.com/main/admin/admin.go:627.44,630.4 2 0
example.com/main/admin/admin.go:631.3,632.106 2 1
example.com/main/admin/admin.go:632.106,635.4 2 0
example.com/main/admin/admin.go:636.3,636.15 1 1
example.com/main/admin/admin.go:636.15,639.4 2 0
example.com/main/admin/admin.go:640.3,640.27 1 1
example.com/main/admin/admin.go:640.27,643.4 2 1
example.com/main/admin/admin.go:644.3,644.23 1 1
example.com/main/admin/admin.go:644.23,645.37 1 1
example.com/main/admin/admin.go:645.37,648.5 2 1
example.com/main/admin/admin.go:650.3,650.50 1 1
example.com/main/admin/admin.go:650.50,653.4 2 0
example.com/main/admin/admin.go:654.3,654.48 1 1
example.com/main/admin/admin.go:654.48,657.4 2 0
example.com/main/admin/admin.go:658.3,658.47 1 1
example.com/main/admin/admin.go:658.47,661.4 2 1
example.com/main/admin/admin.go:662.3,662.85 1 1
example.com/main/admin/admin.go:662.85,665.4 2 1
example.com/main/admin/admin.go:666.3,666.80 1 1
example.com/main/admin/admin.go:666.80,669.4 2 1
example.com/main/admin/admin.go:670.3,670.91 1 1
example.com/main/admin/admin.go:670.91,673.4 2 0
example.com/main/admin/admin.go:675.3,675.30 1 1
example.com/main/admin/admin.go:675.30,677.120 2 1
example.com/main/admin/admin.go:677.120,680.5 2 0
example.com/main/admin/admin.go:681.4,681.17 1 1
example.com/main/admin/admin.go:681.17,684.5 2 0
example.com/main/admin/admin.go:686.3,686.274 1 1
example.com/main/admin/admin.go:686.274,689.4 2 0
example.com/main/admin/admin.go:689.9,689.34 1 1
example.com/main/admin/admin.go:689.34,692.4 2 0
example.com/main/admin/admin.go:693.3,693.138 1 1
example.com/main/admin/admin.go:693.138,696.4 2 1
example.com/main/admin/admin.go:697.3,697.148 1 1
example.com/main/admin/admin.go:697.148,700.4 2 1
example.com/main/admin/admin.go:701.3,701.324 1 1
example.com/main/admin/admin.go:701.324,704.4 2 0
example.com/main/admin/admin.go:705.3,705.37 1 1
example.com/main/admin/admin.go:705.37,708.4 2 0
example.com/main/admin/admin.go:709.3,709.37 1 1
example.com/main/admin/admin.go:709.37,712.4 2 0
example.com/main/admin/admin.go:713.3,713.151 1 1
example.com/main/admin/admin.go:713.151,716.4 2 0
example.com/main/admin/admin.go:717.3,717.137 1 1
example.com/main/admin/admin.go:717.137,720.4 2 0
example.com/main/admin/admin.go:721.3,721.137 1 1
example.com/main/admin/admin.go:721.137,724.4 2 0
example.com/main/admin/admin.go:725.3,727.23 3 1
example.com/main/admin/admin.go:727.23,729.4 1 1
example.com/main/admin/admin.go:730.3,730.23 1 1
example.com/main/admin/admin.go:730.23,732.4 1 0
example.com/main/admin/admin.go:736.3,736.30 1 1
example.com/main/admin/admin.go:736.30,738.4 1 1
example.com/main/admin/admin.go:740.3,740.35 1 1
example.com/main/admin/admin.go:740.35,741.31 1 1
example.com/main/admin/admin.go:741.31,743.5 1 1
example.com/main/admin/admin.go:745.3,745.28 1 1
example.com/main/admin/admin.go:745.28,748.4 2 0
example.com/main/admin/admin.go:748.9,749.28 1 1
example.com/main/admin/admin.go:749.28,751.35 2 1
example.com/main/admin/admin.go:751.35,752.20 1 1
example.com/main/admin/admin.go:752.20,754.7 1 1
example.com/main/admin/admin.go:755.6,756.46 2 1
example.com/main/admin/admin.go:756.46,759.7 2 1
example.com/main/admin/admin.go:761.5,761.17 1 1
example.com/main/admin/admin.go:764.3,765.42 2 1
example.com/main/admin/admin.go:765.42,768.4 2 0
example.com/main/admin/admin.go:769.3,769.67 1 1
example.com/main/admin/admin.go:770.8,773.3 2 0
example.com/main/admin/admin.go:775.36,777.31 2 1
example.com/main/admin/admin.go:777.31,780.3 2 1
example.com/main/admin/admin.go:781.2,781.21 1 1
example.com/main/admin/admin.go:781.21,783.17 2 1
example.com/main/admin/admin.go:783.17,786.4 2 0
example.com/main/admin/admin.go:787.3,793.45 3 1
example.com/main/admin/admin.go:793.45,796.4 2 0
example.com/main/admin/admin.go:797.3,797.57 1 1
example.com/main/admin/admin.go:797.57,800.4 2 0
example.com/main/admin/admin.go:801.3,801.85 1 1
example.com/main/admin/admin.go:801.85,804.4 2 1
example.com/main/admin/admin.go:805.3,805.56 1 1
example.com/main/admin/admin.go:805.56,808.4 2 1
example.com/main/admin/admin.go:809.3,809.141 1 1
example.com/main/admin/admin.go:809.141,812.4 2 0
example.com/main/admin/admin.go:813.3,814.9 2 1
example.com/main/admin/helper.go:21.38,22.22 1 1
example.com/main/admin/helper.go:22.22,23.25 1 1
example.com/main/admin/helper.go:23.25,24.12 1 1
example.com/main/admin/helper.go:26.3,26.27 1 1
example.com/main/admin/helper.go:26.27,29.4 2 1
example.com/main/admin/helper.go:31.2,31.13 1 1
example.com/main/admin/helper.go:34.40,36.31 2 1
example.com/main/admin/helper.go:36.31,40.3 3 1
example.com/main/admin/helper.go:41.2,41.21 1 1
example.com/main/admin/helper.go:41.21,43.52 2 1
example.com/main/admin/helper.go:43.52,46.4 2 0
example.com/main/admin/helper.go:47.3,47.65 1 1
example.com/main/admin/helper.go:47.65,50.4 2 0
example.com/main/admin/helper.go:51.3,51.117 1 1
example.com/main/admin/helper.go:51.117,54.4 2 1
example.com/main/admin/helper.go:55.3,55.65 1 1
example.com/main/admin/helper.go:55.65,58.4 2 1
example.com/main/admin/helper.go:59.3,59.63 1 1
example.com/main/admin/helper.go:59.63,62.4 2 1
example.com/main/admin/helper.go:63.3,63.89 1 1
example.com/main/admin/helper.go:63.89,66.4 2 1
example.com/main/admin/helper.go:67.3,69.33 3 1
example.com/main/admin/helper.go:69.33,70.18 1 1
example.com/main/admin/helper.go:70.18,73.5 2 1
example.com/main/admin/helper.go:74.4,74.61 1 1
example.com/main/admin/helper.go:76.3,76.38 1 1
example.com/main/admin/helper.go:76.38,77.18 1 1
example.com/main/admin/helper.go:77.18,80.5 2 0
example.com/main/admin/helper.go:80.10,80.24 1 1
example.com/main/admin/helper.go:80.24,82.5 1 1
example.com/main/admin/helper.go:83.4,83.67 1 1
example.com/main/admin/helper.go:85.3,85.34 1 1
example.com/main/admin/helper.go:85.34,86.18 1 1
example.com/main/admin/helper.go:86.18,89.5 2 0
example.com/main/admin/helper.go:89.10,89.24 1 1
example.com/main/admin/helper.go:89.24,91.5 1 1
example.com/main/admin/helper.go:92.4,92.81 1 1
example.com/main/admin/helper.go:94.3,94.34 1 1
example.com/main/admin/helper.go:94.34,95.18 1 1
example.com/main/admin/helper.go:95.18,98.5 2 0
example.com/main/admin/helper.go:98.10,98.24 1 1
example.com/main/admin/helper.go:98.24,100.5 1 1
example.com/main/admin/helper.go:101.4,101.83 1 1
example.com/main/admin/helper.go:103.3,106.17 3 1
example.com/main/admin/helper.go:106.17,109.4 2 0
example.com/main/admin/helper.go:110.3,111.17 2 1
example.com/main/admin/helper.go:111.17,113.4 1 0
example.com/main/admin/helper.go:114.3,125.18 4 1
example.com/main/admin/helper.go:125.18,127.149 2 1
example.com/main/admin/helper.go:127.149,130.5 2 0
example.com/main/admin/helper.go:131.4,131.39 1 1
example.com/main/admin/helper.go:133.3,133.25 1 1
example.com/main/admin/helper.go:133.25,136.4 2 0
example.com/main/admin/helper.go:137.3,138.9 2 1
example.com/main/admin/helper.go:139.8,141.3 1 0
example.com/main/admin/helper.go:144.39,146.31 2 1
example.com/main/admin/helper.go:146.31,150.3 3 1
example.com/main/admin/helper.go:151.2,151.21 1 1
example.com/main/admin/helper.go:151.21,155.52 2 1
example.com/main/admin/helper.go:155.52,158.4 2 0
example.com/main/admin/helper.go:159.3,159.50 1 1
example.com/main/admin/helper.go:159.50,162.4 2 1
example.com/main/admin/helper.go:163.3,167.17 4 1
example.com/main/admin/helper.go:167.17,170.4 2 0
example.com/main/admin/helper.go:171.3,172.17 2 1
example.com/main/admin/helper.go:172.17,174.4 1 0
example.com/main/admin/helper.go:175.3,183.18 4 1
example.com/main/admin/helper.go:183.18,185.97 2 1
example.com/main/admin/helper.go:185.97,188.5 2 0
example.com/main/admin/helper.go:189.4,189.39 1 1
example.com/main/admin/helper.go:191.3,191.25 1 1
example.com/main/admin/helper.go:191.25,194.4 2 1
example.com/main/admin/helper.go:195.3,196.9 2 1
example.com/main/admin/helper.go:197.8,199.3 1 0
example.com/main/admin/helper.go:202.31,204.54 2 1
example.com/main/admin/helper.go:204.54,207.3 2 1
example.com/main/admin/helper.go:207.8,221.17 4 1
example.com/main/admin/helper.go:221.17,224.4 2 0
example.com/main/admin/helper.go:225.3,230.17 4 1
example.com/main/admin/helper.go:230.17,233.4 2 0
example.com/main/admin/helper.go:234.3,234.29 1 1
example.com/main/admin/helper.go:234.29,237.4 2 0
example.com/main/admin/helper.go:238.3,238.60 1 1
example.com/main/admin/helper.go:238.60,241.4 2 1
example.com/main/admin/helper.go:242.3,243.142 2 1
example.com/main/admin/helper.go:243.142,246.4 2 0
example.com/main/admin/helper.go:246.9,246.34 1 1
example.com/main/admin/helper.go:246.34,248.4 1 0
example.com/main/admin/helper.go:249.3,249.27 1 1
example.com/main/admin/helper.go:249.27,251.4 1 0
example.com/main/admin/helper.go:252.3,252.18 1 1
example.com/main/admin/helper.go:252.18,255.4 2 1
example.com/main/admin/helper.go:256.3,259.17 4 1
example.com/main/admin/helper.go:259.17,262.4 2 0
example.com/main/admin/helper.go:263.3,264.17 2 1
example.com/main/admin/helper.go:264.17,268.4 3 0
example.com/main/admin/helper.go:269.3,270.17 2 1
example.com/main/admin/helper.go:270.17,273.4 2 0
example.com/main/admin/helper.go:274.3,275.17 2 1
example.com/main/admin/helper.go:275.17,277.18 2 0
example.com/main/admin/helper.go:277.18,280.5 2 0
example.com/main/admin/helper.go:282.3,282.36 1 1
example.com/main/admin/helper.go:282.36,284.4 1 0
example.com/main/admin/helper.go:285.3,289.19 2 1
example.com/main/admin/helper.go:289.19,292.18 3 1
example.com/main/admin/helper.go:292.18,296.5 2 0
example.com/main/admin/helper.go:297.4,297.45 1 1
example.com/main/admin/helper.go:299.3,299.19 1 1
example.com/main/admin/helper.go:299.19,302.18 3 0
example.com/main/admin/helper.go:302.18,306.5 2 0
example.com/main/admin/helper.go:307.4,307.51 1 0
example.com/main/admin/helper.go:309.3,309.60 1 1
example.com/main/admin/helper.go:309.60,312.4 2 1
example.com/main/admin/helper.go:313.3,314.9 2 1
example.com/main/admin/helper.go:318.35,320.16 2 1
example.com/main/admin/helper.go:320.16,323.3 2 0
example.com/main/admin/helper.go:324.2,326.31 3 1
example.com/main/admin/helper.go:326.31,329.3 2 1
example.com/main/admin/helper.go:329.8,339.17 3 1
example.com/main/admin/helper.go:339.17,342.4 2 0
example.com/main/admin/helper.go:343.3,344.29 2 1
example.com/main/admin/helper.go:344.29,347.4 2 0
example.com/main/admin/helper.go:348.3,348.60 1 1
example.com/main/admin/helper.go:348.60,351.4 2 1
example.com/main/admin/helper.go:352.3,353.139 2 1
example.com/main/admin/helper.go:353.139,356.4 2 0
example.com/main/admin/helper.go:357.3,357.27 1 1
example.com/main/admin/helper.go:357.27,359.4 1 0
example.com/main/admin/helper.go:360.3,360.14 1 1
example.com/main/admin/helper.go:360.14,363.4 2 1
example.com/main/admin/helper.go:364.3,364.39 1 1
example.com/main/admin/helper.go:364.39,367.4 2 1
example.com/main/admin/helper.go:368.3,368.35 1 1
example.com/main/admin/helper.go:368.35,371.4 2 0
example.com/main/admin/helper.go:372.3,372.40 1 1
example.com/main/admin/helper.go:372.40,375.4 2 1
example.com/main/admin/helper.go:376.3,376.36 1 1
example.com/main/admin/helper.go:376.36,379.4 2 0
example.com/main/admin/helper.go:380.3,380.82 1 1
example.com/main/admin/helper.go:380.82,383.4 2 1
example.com/main/admin/helper.go:384.3,384.27 1 1
example.com/main/admin/helper.go:384.27,387.4 2 0
example.com/main/admin/helper.go:388.3,388.32 1 1
example.com/main/admin/helper.go:388.32,391.4 2 0
example.com/main/admin/helper.go:392.3,392.50 1 1
example.com/main/admin/helper.go:392.50,395.4 2 1
example.com/main/admin/helper.go:396.3,396.109 1 1
example.com/main/admin/helper.go:396.109,399.4 2 1
example.com/main/admin/helper.go:400.3,401.17 2 1
example.com/main/admin/helper.go:401.17,404.4 2 0
example.com/main/admin/helper.go:405.3,405.62 1 1
example.com/main/admin/helper.go:409.33,411.16 2 1
example.com/main/admin/helper.go:411.16,414.3 2 0
example.com/main/admin/helper.go:415.2,417.31 3 1
example.com/main/admin/helper.go:417.31,420.3 2 1
example.com/main/admin/helper.go:420.8,431.17 4 1
example.com/main/admin/helper.go:431.17,434.4 2 1
example.com/main/admin/helper.go:436.3,436.26 1 1
example.com/main/admin/helper.go:436.26,439.4 2 0
example.com/main/admin/helper.go:440.3,440.54 1 1
example.com/main/admin/helper.go:440.54,443.4 2 0
example.com/main/admin/helper.go:444.3,445.136 2 1
example.com/main/admin/helper.go:445.136,448.4 2 0
example.com/main/admin/helper.go:449.3,449.15 1 1
example.com/main/admin/helper.go:449.15,452.4 2 1
example.com/main/admin/helper.go:453.3,453.65 1 1
example.com/main/admin/helper.go:453.65,456.4 2 1
example.com/main/admin/helper.go:457.3,457.64 1 1
example.com/main/admin/helper.go:457.64,460.4 2 0
example.com/main/admin/helper.go:461.3,461.76 1 1
example.com/main/admin/helper.go:461.76,464.4 2 1
example.com/main/admin/helper.go:465.3,465.67 1 1
example.com/main/admin/helper.go:465.67,468.4 2 1
example.com/main/admin/helper.go:469.3,469.89 1 1
example.com/main/admin/helper.go:469.89,472.4 2 0
example.com/main/admin/helper.go:474.3,476.41 3 1
example.com/main/admin/helper.go:476.41,479.4 2 0
example.com/main/admin/helper.go:480.3,480.27 1 1
example.com/main/admin/helper.go:480.27,483.4 2 0
example.com/main/admin/helper.go:484.3,486.81 3 1
example.com/main/admin/helper.go:486.81,488.4 1 0
example.com/main/admin/helper.go:489.3,489.126 1 1
example.com/main/admin/helper.go:489.126,491.4 1 1
example.com/main/admin/helper.go:492.3,492.101 1 1
example.com/main/admin/helper.go:492.101,494.4 1 0
example.com/main/admin/helper.go:495.3,495.110 1 1
example.com/main/admin/helper.go:495.110,497.4 1 0
example.com/main/admin/helper.go:498.3,498.32 1 1
example.com/main/admin/helper.go:498.32,500.30 2 1
example.com/main/admin/helper.go:500.30,502.5 1 0
example.com/main/admin/helper.go:504.3,506.26 2 1
example.com/main/admin/helper.go:506.26,508.18 2 1
example.com/main/admin/helper.go:508.18,511.5 2 0
example.com/main/admin/helper.go:512.9,515.4 2 1
example.com/main/admin/helper.go:516.3,517.9 2 1
example.com/main/admin/helper.go:521.34,523.31 2 1
example.com/main/admin/helper.go:523.31,526.3 2 1
example.com/main/admin/helper.go:527.2,527.21 1 1
example.com/main/admin/helper.go:527.21,529.17 2 1
example.com/main/admin/helper.go:529.17,532.4 2 0
example.com/main/admin/helper.go:533.3,540.43 3 1
example.com/main/admin/helper.go:540.43,543.4 2 0
example.com/main/admin/helper.go:545.3,545.53 1 1
example.com/main/admin/helper.go:545.53,548.4 2 1
example.com/main/admin/helper.go:549.3,550.137 2 1
example.com/main/admin/helper.go:550.137,553.4 2 0
example.com/main/admin/helper.go:554.3,554.14 1 1
example.com/main/admin/helper.go:554.14,557.4 2 0
example.com/main/admin/helper.go:558.3,558.57 1 1
example.com/main/admin/helper.go:558.57,561.4 2 1
example.com/main/admin/helper.go:562.3,562.53 1 1
example.com/main/admin/helper.go:562.53,565.4 2 1
example.com/main/admin/helper.go:566.3,566.26 1 1
example.com/main/admin/helper.go:566.26,569.4 2 1
example.com/main/admin/helper.go:571.3,573.41 3 1
example.com/main/admin/helper.go:573.41,576.4 2 0
example.com/main/admin/helper.go:577.3,577.27 1 1
example.com/main/admin/helper.go:577.27,580.4 2 1
example.com/main/admin/helper.go:581.3,583.41 3 1
example.com/main/admin/helper.go:583.41,586.4 2 0
example.com/main/admin/helper.go:587.3,587.21 1 1
example.com/main/admin/helper.go:587.21,590.4 2 0
example.com/main/admin/helper.go:591.3,591.176 1 1
example.com/main/admin/helper.go:591.176,594.4 2 0
example.com/main/admin/helper.go:595.3,596.9 2 1
example.com/main/admin/helper.go:597.8,600.3 2 0
example.com/main/admin/helper.go:603.32,605.31 2 1
example.com/main/admin/helper.go:605.31,608.3 2 1
example.com/main/admin/helper.go:609.2,609.21 1 1
example.com/main/admin/helper.go:609.21,611.17 2 1
example.com/main/admin/helper.go:611.17,614.4 2 0
example.com/main/admin/helper.go:615.3,624.17 5 1
example.com/main/admin/helper.go:624.17,627.4 2 0
example.com/main/admin/helper.go:629.3,629.55 1 1
example.com/main/admin/helper.go:629.55,632.4 2 1
example.com/main/admin/helper.go:633.3,634.138 2 1
example.com/main/admin/helper.go:634.138,637.4 2 0
example.com/main/admin/helper.go:638.3,638.15 1 1
example.com/main/admin/helper.go:638.15,641.4 2 1
example.com/main/admin/helper.go:642.3,642.59 1 1
example.com/main/admin/helper.go:642.59,645.4 2 1
example.com/main/admin/helper.go:646.3,646.29 1 1
example.com/main/admin/helper.go:646.29,647.55 1 1
example.com/main/admin/helper.go:647.55,650.5 2 1
example.com/main/admin/helper.go:652.3,652.28 1 1
example.com/main/admin/helper.go:652.28,653.28 1 1
example.com/main/admin/helper.go:653.28,656.5 2 1
example.com/main/admin/helper.go:659.3,661.41 3 1
example.com/main/admin/helper.go:661.41,664.4 2 0
example.com/main/admin/helper.go:665.3,665.27 1 1
example.com/main/admin/helper.go:665.27,668.4 2 0
example.com/main/admin/helper.go:669.3,671.65 3 1
example.com/main/admin/helper.go:671.65,673.4 1 0
example.com/main/admin/helper.go:674.3,674.72 1 1
example.com/main/admin/helper.go:674.72,676.4 1 1
example.com/main/admin/helper.go:677.3,677.126 1 1
example.com/main/admin/helper.go:677.126,679.4 1 0
example.com/main/admin/helper.go:680.3,680.46 1 1
example.com/main/admin/helper.go:680.46,682.4 1 1
example.com/main/admin/helper.go:683.3,683.32 1 1
example.com/main/admin/helper.go:683.32,685.30 2 1
example.com/main/admin/helper.go:685.30,687.5 1 1
example.com/main/admin/helper.go:689.3,691.26 2 1
example.com/main/admin/helper.go:691.26,693.18 2 1
example.com/main/admin/helper.go:693.18,696.5 2 1
example.com/main/admin/helper.go:697.9,700.4 2 0
example.com/main/admin/helper.go:701.3,702.9 2 0
example.com/main/admin/helper.go:703.8,706.3 2 0
example.com/main/admin/helper.go:709.35,712.31 2 1
example.com/main/admin/helper.go:712.31,715.3 2 1
example.com/main/admin/helper.go:716.2,716.21 1 1
example.com/main/admin/helper.go:716.21,718.17 2 1
example.com/main/admin/helper.go:718.17,721.4 2 0
example.com/main/admin/helper.go:722.3,729.41 3 1
example.com/main/admin/helper.go:729.41,732.4 2 0
example.com/main/admin/helper.go:734.3,734.47 1 1
example.com/main/admin/helper.go:734.47,737.4 2 0
example.com/main/admin/helper.go:738.3,738.49 1 1
example.com/main/admin/helper.go:738.49,741.4 2 0
example.com/main/admin/helper.go:742.3,742.54 1 1
example.com/main/admin/helper.go:742.54,745.4 2 1
example.com/main/admin/helper.go:746.3,746.60 1 1
example.com/main/admin/helper.go:746.60,749.4 2 1
example.com/main/admin/helper.go:750.3,752.41 3 1
example.com/main/admin/helper.go:752.41,755.4 2 0
example.com/main/admin/helper.go:756.3,756.22 1 1
example.com/main/admin/helper.go:756.22,759.4 2 1
example.com/main/admin/helper.go:760.3,762.41 3 1
example.com/main/admin/helper.go:762.41,765.4 2 0
example.com/main/admin/helper.go:766.3,766.21 1 1
example.com/main/admin/helper.go:766.21,769.4 2 1
example.com/main/admin/helper.go:770.3,772.41 3 1
example.com/main/admin/helper.go:772.41,775.4 2 0
example.com/main/admin/helper.go:776.3,776.17 1 1
example.com/main/admin/helper.go:776.17,779.4 2 1
example.com/main/admin/helper.go:780.3,780.236 1 1
example.com/main/admin/helper.go:780.236,783.4 2 0
example.com/main/admin/helper.go:784.3,785.9 2 1
example.com/main/admin/helper.go:786.8,789.3 2 0
example.com/main/admin/helper.go:792.34,795.31 2 1
example.com/main/admin/helper.go:795.31,798.3 2 1
example.com/main/admin/helper.go:799.2,799.21 1 1
example.com/main/admin/helper.go:799.21,801.17 2 1
example.com/main/admin/helper.go:801.17,804.4 2 0
example.com/main/admin/helper.go:805.3,815.17 6 1
example.com/main/admin/helper.go:815.17,818.4 2 0
example.com/main/admin/helper.go:820.3,820.53 1 1
example.com/main/admin/helper.go:820.53,823.4 2 0
example.com/main/admin/helper.go:824.3,824.55 1 1
example.com/main/admin/helper.go:824.55,827.4 2 0
example.com/main/admin/helper.go:828.3,828.32 1 1
example.com/main/admin/helper.go:828.32,829.61 1 1
example.com/main/admin/helper.go:829.61,832.5 2 1
example.com/main/admin/helper.go:834.3,834.35 1 1
example.com/main/admin/helper.go:834.35,835.67 1 1
example.com/main/admin/helper.go:835.67,838.5 2 1
example.com/main/admin/helper.go:840.3,842.41 3 1
example.com/main/admin/helper.go:842.41,845.4 2 0
example.com/main/admin/helper.go:846.3,846.22 1 1
example.com/main/admin/helper.go:846.22,849.4 2 1
example.com/main/admin/helper.go:850.3,852.41 3 1
example.com/main/admin/helper.go:852.41,855.4 2 0
example.com/main/admin/helper.go:856.3,856.21 1 1
example.com/main/admin/helper.go:856.21,859.4 2 1
example.com/main/admin/helper.go:860.3,862.41 3 1
example.com/main/admin/helper.go:862.41,865.4 2 0
example.com/main/admin/helper.go:866.3,866.18 1 1
example.com/main/admin/helper.go:866.18,869.4 2 1
example.com/main/admin/helper.go:870.3,872.17 3 1
example.com/main/admin/helper.go:872.17,875.4 2 0
example.com/main/admin/helper.go:876.3,879.113 4 1
example.com/main/admin/helper.go:879.113,882.4 2 1
example.com/main/admin/helper.go:883.3,883.125 1 1
example.com/main/admin/helper.go:883.125,886.4 2 1
example.com/main/admin/helper.go:887.3,888.32 2 1
example.com/main/admin/helper.go:888.32,891.30 3 1
example.com/main/admin/helper.go:891.30,893.5 1 1
example.com/main/admin/helper.go:895.3,895.16 1 1
example.com/main/admin/helper.go:895.16,897.4 1 1
example.com/main/admin/helper.go:898.3,898.18 1 1
example.com/main/admin/helper.go:898.18,900.4 1 1
example.com/main/admin/helper.go:901.3,903.18 3 1
example.com/main/admin/helper.go:903.18,905.18 2 1
example.com/main/admin/helper.go:905.18,908.5 2 0
example.com/main/admin/helper.go:909.4,910.10 2 1
example.com/main/admin/helper.go:911.9,914.4 2 0
example.com/main/admin/helper.go:915.8,918.3 2 0
example.com/main/admin/helper.go:922.36,924.16 2 1
example.com/main/admin/helper.go:924.16,927.3 2 0
example.com/main/admin/helper.go:928.2,930.31 3 1
example.com/main/admin/helper.go:930.31,933.3 2 1
example.com/main/admin/helper.go:934.2,938.16 3 1
example.com/main/admin/helper.go:938.16,941.3 2 0
example.com/main/admin/helper.go:942.2,942.25 1 1
example.com/main/admin/helper.go:942.25,943.29 1 1
example.com/main/admin/helper.go:943.29,946.4 2 0
example.com/main/admin/helper.go:947.3,948.151 2 1
example.com/main/admin/helper.go:948.151,951.4 2 0
example.com/main/admin/helper.go:952.3,952.15 1 1
example.com/main/admin/helper.go:952.15,955.4 2 1
example.com/main/admin/helper.go:956.3,957.114 2 1
example.com/main/admin/helper.go:957.114,960.4 2 1
example.com/main/admin/helper.go:960.9,960.34 1 1
example.com/main/admin/helper.go:960.34,963.4 2 0
example.com/main/admin/helper.go:964.3,964.41 1 1
example.com/main/admin/helper.go:964.41,967.4 2 0
example.com/main/admin/helper.go:968.8,971.3 2 0
example.com/main/admin/helper.go:972.2,975.69 4 1
example.com/main/admin/helper.go:975.69,978.3 2 0
example.com/main/admin/helper.go:978.8,978.34 1 1
example.com/main/admin/helper.go:978.34,981.3 2 0
example.com/main/admin/helper.go:981.8,981.33 1 1
example.com/main/admin/helper.go:981.33,984.3 2 0
example.com/main/admin/helper.go:985.2,995.16 4 1
example.com/main/admin/helper.go:995.16,998.3 2 0
example.com/main/admin/helper.go:999.2,1000.18 2 1
example.com/main/admin/helper.go:1000.18,1003.17 3 1
example.com/main/admin/helper.go:1003.17,1005.4 1 0
example.com/main/admin/helper.go:1005.9,1007.18 2 1
example.com/main/admin/helper.go:1007.18,1010.5 2 0
example.com/main/admin/helper.go:1011.4,1011.19 1 1
example.com/main/admin/helper.go:1011.19,1013.19 2 1
example.com/main/admin/helper.go:1013.19,1016.6 2 0
example.com/main/admin/helper.go:1017.5,1017.37 1 1
example.com/main/admin/helper.go:1022.2,1022.22 1 1
example.com/main/admin/helper.go:1022.22,1025.3 2 0
example.com/main/admin/helper.go:1026.2,1026.50 1 1
example.com/main/admin/helper.go:1029.32,1031.31 2 1
example.com/main/admin/helper.go:1031.31,1035.3 3 1
example.com/main/admin/helper.go:1036.2,1036.21 1 1
example.com/main/admin/helper.go:1036.21,1040.44 2 1
example.com/main/admin/helper.go:1040.44,1043.4 2 0
example.com/main/admin/helper.go:1044.3,1044.51 1 1
example.com/main/admin/helper.go:1044.51,1047.4 2 1
example.com/main/admin/helper.go:1048.3,1049.17 2 1
example.com/main/admin/helper.go:1049.17,1052.4 2 0
example.com/main/admin/helper.go:1053.3,1053.24 1 1
example.com/main/admin/helper.go:1053.24,1055.135 2 1
example.com/main/admin/helper.go:1055.135,1058.5 2 0
example.com/main/admin/helper.go:1059.4,1059.16 1 1
example.com/main/admin/helper.go:1059.16,1062.5 2 1
example.com/main/admin/helper.go:1064.3,1065.88 2 1
example.com/main/admin/helper.go:1065.88,1068.4 2 0
example.com/main/admin/helper.go:1069.3,1069.67 1 1
example.com/main/admin/helper.go:1070.8,1073.3 2 0
example.com/main/admin/helper.go:1076.31,1078.31 2 1
example.com/main/admin/helper.go:1078.31,1082.3 3 1
example.com/main/admin/helper.go:1083.2,1083.21 1 1
example.com/main/admin/helper.go:1083.21,1087.46 2 1
example.com/main/admin/helper.go:1087.46,1090.4 2 0
example.com/main/admin/helper.go:1091.3,1091.49 1 1
example.com/main/admin/helper.go:1091.49,1094.4 2 1
example.com/main/admin/helper.go:1095.3,1096.17 2 1
example.com/main/admin/helper.go:1096.17,1099.4 2 0
example.com/main/admin/helper.go:1100.3,1100.23 1 1
example.com/main/admin/helper.go:1100.23,1102.136 2 1
example.com/main/admin/helper.go:1102.136,1105.5 2 0
example.com/main/admin/helper.go:1106.4,1106.16 1 1
example.com/main/admin/helper.go:1106.16,1109.5 2 1
example.com/main/admin/helper.go:1111.3,1112.88 2 1
example.com/main/admin/helper.go:1112.88,1115.4 2 0
example.com/main/admin/helper.go:1116.3,1116.67 1 1
example.com/main/admin/helper.go:1118.8,1121.3 2 0
example.com/main/admin/helper.go:1124.36,1125.12 1 1
example.com/main/admin/helper.go:1125.12,1127.3 1 1
example.com/main/admin/helper.go:1127.8,1127.30 1 1
example.com/main/admin/helper.go:1127.30,1129.3 1 1
example.com/main/admin/helper.go:1129.8,1129.30 1 1
example.com/main/admin/helper.go:1129.30,1131.3 1 1
example.com/main/admin/helper.go:1131.8,1131.30 1 1
example.com/main/admin/helper.go:1131.30,1133.3 1 1
example.com/main/admin/helper.go:1133.8,1133.30 1 0
example.com/main/admin/helper.go:1133.30,1135.3 1 0
example.com/main/admin/helper.go:1135.8,1135.30 1 0
example.com/main/admin/helper.go:1135.30,1137.3 1 0
example.com/main/admin/helper.go:1137.8,1137.30 1 0
example.com/main/admin/helper.go:1137.30,1139.3 1 0
example.com/main/admin/helper.go:1140.2,1140.13 1 0
